✔ BranchManager is the minimal canonical JSMinSys manager base (1.1045ms)
✔ file-worker argv filter removes only input-type mode (1.9988ms)
✔ managed host completes, joins, and reports cleanup (33.5866ms)
✔ managed host deadline fails closed and wakes a waiting worker (32.3861ms)
✔ managed host cancellation and explicit failure preserve first error (13.5568ms)
✔ unexpected worker exit fails the session (36.7794ms)
✔ metric and shared-byte helpers stay numeric and caller-owned (0.396ms)
✔ runtime-sized set and exact-key primitives exceed former fixed widths (1.1394ms)
✔ runtime-sized skyline/product supports records wider than six words (0.3891ms)
✔ runtime action-count reductions and dependency publication handle width ten (0.9886ms)
✔ runtime packed-bit permutation spans more than three words (0.2397ms)
✔ runtime-sized board transition supports 10x10 without packed-three-bit heights (0.2535ms)
✔ live-line evaluator keeps only winning lines not blocked by the opponent (11.9614ms)
✔ CPC per-column XOR parity equals literal future-event count on configured geometries (14.7957ms)
✔ nonterminal CPC path matches checked evaluator after terminal assertion (36.2149ms)
✔ projected CPC advisory collection is semantically inert and opt-in (8.7476ms)
✔ CPC pooled-frontier response extends all-even pairing without counting omitted frontiers (297.3321ms)
✔ CPC closes a forced block that lifts another opponent terminal singleton (1.4292ms)
✔ CPC closes when every legal move lifts an opponent terminal singleton (1.0917ms)
✔ CPC recognizes exact fork loss after enabling move (1.5558ms)
✔ CPC first-win ordering lets current immediate terminal supersede opponent fork (1.0862ms)
✔ CPC alpha-beta uses live winning-line contribution for move ordering (15.5814ms)
✔ CPC-only and CPC+Four-Front alpha-beta agree with independent exact oracle (228.1495ms)
✔ CPC alpha-beta modes agree with independent late standard-7x6 oracle (71.6976ms)
✔ multi-action preemption count implies <=32-column mask support (7.1414ms)
✔ CPC fork precursor restricts current defense without recursion (3.3176ms)
✔ CPC intersects alternative fork-precursor preemption sets (5.3414ms)
✔ cold CPC ledger accounts for every actual scratch array and object field (1.1664ms)
✔ terminal CPC ledger counts actual writes and delegation has no wrapper scratch writes (0.6032ms)
✔ CPC kind owns exact-interval classification across legal prefixes and optional policies (434.617ms)
✔ CPC-only consumer does not retest the exact interval after exact kind returned (0.7714ms)
✔ generated search ledger distinguishes insertion shifts and stop checks (4.8576ms)
✔ Connect4 exports Lazy SMP without the retired shared-work scheduler (1.2024ms)
✔ native worker execution cannot reenter cold ingress (4.8054ms)
✔ ManagedThreadSession is the canonical managed host lifecycle object (1.7401ms)
NEUTRAL_QUOTIENT_AUDIT {"states":161029,"neutralClasses":42168,"rbaQClasses":34461,"neutralMultiQ":0,"qMultiNeutral":15182,"physicalCollapsedByQ":13526,"nonterminalCollapsedByQ":13259,"maxQPerNeutral":1,"maxNeutralPerQ":84,"maxPhysicalPerQ":5336,"witness":{"q":"4,4,4,4,66,0,0","neutral":"4,4,4,4,:","physical":["16:4,4,4,4,:0001111000011101","16:4,4,4,4,:0001111000011110"]},"nonterminalWitness":{"q":"4,4,4,3,60,0,0","neutral":"4,4,4,3,:","physical":["15:4,4,4,3,:000111100001110_","15:4,4,4,3,:000111010010110_"]}}
✔ audit neutral-token quotient against current RBA q on exhaustive 4x4 legal states (1587.0408ms)
✔ 49-bit position code matches independent board encoding and reflection (1.2787ms)
✔ 49-bit position code is collision-free across all gravity-valid sequences through ply 6 (558.1027ms)
✔ RBA root reflection carries the same canonical physical position code for mirrored roots (2.7728ms)
✔ completed principal upset absorbs later images without repeated expansion (55.3193ms)
✔ absorbed native transitions match physical residuals across players, bases and profiles (1059.0439ms)
✔ geometry derives different native carrier sizes for 4x4 and 10x10 (20.5014ms)
✔ configured winning geometry implies singleton residual id equals physical cell (16.7122ms)
✔ known-legal cofactor matches checked ingress after caller assertions (9.3895ms)
✔ configured RBA coordinates match independent physical residuals on 4x4 and 10x10 (12.5573ms)
✔ configured reflection canonicalizes mirrored 4x4 and 10x10 roots identically (11.6853ms)
✔ configured four-front bounds match independent physical propagation (68.147ms)
✔ init-time specialization profile selects fast paths without changing semantics (73.8418ms)
✔ shared exact cache publishes only fully committed exact rows (1.4708ms)
✔ shared exact known-hash path retains full-key validation (0.2443ms)
✔ standard 7x6 shared exact cache uses lossless compact identity (13.9303ms)
✔ non-7x6 shared exact cache retains full-key identity (8.8178ms)
✔ Lazy SMP is a separate 2+ worker exact execution option (68.4511ms)
✔ Lazy SMP rejects single-worker execution and is the sole Connect4 parallel composition (9.451ms)
✔ Lazy SMP matches serial CPC-Negamax on a standard 7x6 late position (94.3254ms)
✔ sharing-density masks preserve exact Lazy SMP results (467.0808ms)
✔ private cache packs epoch and value into one exact uint32 tag (14.7518ms)
✔ standard 7x6 private exact/bound cache uses lossless compact identity (10.148ms)
✔ non-7x6 private cache retains full-key identity (1.731ms)
✔ a recursive fail-high win publishes exact current-q WDL (228.6656ms)
✔ a completed fail-low loss publishes exact q without caching an interior bound (2.0397ms)
✔ directed narrow windows and cached q values agree with an independent physical 4x4 oracle (108.22ms)
✔ packed move-row geometry guard is exact and conservative (1.6867ms)
✔ packed move rows preserve maximum fields and stable score ties (0.39ms)
✔ prepared solver uses packed recursive rows but keeps root row as columns (23.3783ms)
✔ fixed 3/6/8 word set operations preserve bit-31 and lane boundaries (1.731ms)
✔ six-word skyline insert rejects dominated candidates and removes dominated retained generators (0.3705ms)
✔ streamed six-word join product absorbs the Cartesian product immediately (0.3767ms)
✔ eight-word locator, exact probe/publication and span publication preserve exact identity (0.3112ms)
✔ exact interval tightening and fixed-degree Bellman reductions remain monotone (0.2781ms)
✔ ordered basis transform deduplicates mapped IDs and three-word permutation remaps active bits (0.3149ms)
✔ seven-slot masks stay inside seven bits (0.2035ms)
✔ intrusive stamped work list supports coalescing, arbitrary removal and generation validation (0.2894ms)
✔ selected hot closure stays allocation/string/experiment-free (25.4539ms)
✔ hot structural detector rejects representative negative controls (6.1292ms)
✔ native frontier closes the same root WDL across configured geometry and reflection (539.6707ms)
✔ incomplete frontier cancellation publishes no WDL and reused state can solve (10.8227ms)
✔ direct Lazy SMP frontier host preserves exact closure, counters and timeout cleanup (334.6889ms)
✔ worker attachment restores a truncated full-buffer view without copying storage (1.0297ms)
✔ worker attachment rejects wrong backing size rather than fabricating capacity (0.3699ms)
✔ word32 bit blocks (1.8514ms)
✔ first set bit index (0.2302ms)
✔ popcount32 (0.2495ms)
✔ signed bit-pattern profile (0.2342ms)
✔ subset32 (0.141ms)
✔ two-lane wordwise blocks (0.8772ms)
✔ single-required-lane containment matches two-lane containment (0.1806ms)
✔ packed support can replace duplicate height storage (0.1834ms)
✔ guarded metadata prefix projects without scanning later words (0.2217ms)
✔ indexed and table blocks (0.4553ms)
✔ sentinel triple probe folds occupancy into exact key storage (0.2507ms)
✔ scalar two-word interner probe preserves producer-owned exact keys (0.1768ms)
✔ run-grouped indexed word reuse preserves exact values (0.1384ms)
✔ caller-owned residual frame restores parent without history loads (0.0984ms)
✔ apply and undo support state (0.2086ms)
✔ caller-owned ply transition profiles match state-owned transition mechanics (0.4415ms)
✔ known-cell apply profiles reuse an already observed landing cell (0.3688ms)
✔ known-cell undo profiles reuse the cell returned by apply (0.3439ms)
✔ known-cell undo prepared top-row boundary (0.0981ms)
✔ caller-ply odd-center omission fully packs eligible one-lane state (0.3625ms)
✔ omitted-center specialized transition skips zero support work (0.4164ms)
✔ caller-ply odd-center omission compresses 7x6 transition state (0.3521ms)
✔ general packed support+ply transitions match separate state (0.3256ms)
✔ packed support+ply transition profile preserves support-only reflection boundary (0.3453ms)
✔ rank-low packed support+ply layout keeps extraction cheap (0.1578ms)
✔ packed high-playable meta state matches separate two-lane state (0.4555ms)
✔ fully packed one-lane state matches separate transition state (0.426ms)
✔ caller-carried meta restores support/high by recursive ownership (0.3487ms)
✔ one-lane caller meta makes known-cell undo landing-only (0.2446ms)
✔ exact ten-slot tuple hash matches generic separable builder (4.8523ms)
✔ separable tuple hash updates from exact slot deltas (2.484ms)
✔ joint two-word direct index covers structured power-of-two buckets (0.8188ms)
✔ triple key publication hashes live scalars without scratch reload (0.2154ms)
✔ joint triple locator mixes exact-key coordinates without becoming identity (0.7911ms)
✔ direct triple power-of-two index preserves primary collision partition (2.265ms)
✔ primary canonical comparison routes expensive secondary work (0.1514ms)
✔ mix and reflection blocks (0.6757ms)
✔ exact C3/C4 reflection tables match direct reference (4.0618ms)
✔ configured packed-3 register reflection profiles (9.0364ms)
✔ 5-column reflection fused final alignment preserves edge fields (0.1866ms)
✔ 9/10-column reflection fused final alignment preserves edge fields (0.112ms)
✔ prepared 6/7 packed reflection shifts match direct reflection (1.3167ms)
✔ frontier normalization blocks (0.2798ms)
✔ signed frontier normalization profiles (0.1902ms)
✔ one-lane signed frontier normalization profiles (0.1579ms)
✔ lazy frontier compaction skips accepted-prefix rewrites (0.4032ms)
✔ lazy frontier normalizers seed the first accepted entry (0.1585ms)
✔ unsigned lazy frontier profiles preserve bit-31 semantics (0.3461ms)
✔ search scalar blocks (0.2104ms)
✔ two-lane shifts and arithmetic (0.3303ms)
✔ two-lane set iteration and cardinality (0.1724ms)
✔ sparse exact popcount profiles (0.1533ms)
✔ two-lane popcount fused at nibble stage (0.2006ms)
✔ three-lane popcount fused at nibble stage (0.1529ms)
✔ 10-bit high-lane popcount table profile (0.2702ms)
✔ configured exact selectors cover runtime candidate counts 2 through 10 (0.4211ms)
✔ scalar-producer selectors cover runtime candidate counts 2 through 10 (0.3457ms)
✔ move-slot index space removes hot physical-column remap (0.2075ms)
✔ isolated-bit clear profiles reuse caller isolation (0.0938ms)
✔ isolated-bit index profiles reuse caller isolation (0.0778ms)
✔ one-lane cardinality classification (0.0675ms)
✔ known landing cell legality reuses observed state (0.0621ms)
✔ trusted legality and coordinate reference decode (0.188ms)
✔ capacity helpers and overwrite rehash (0.1785ms)
✔ atomic blocks (0.1855ms)
✔ bounded shared queue blocks without waiting (0.1948ms)
✔ queue dequeue ready sequence is int32-normalized across wrap (0.1613ms)
✔ caller-owned queue positions remove reservation CAS (0.1508ms)
✔ owned queue next-position profiles reuse publication increment (0.1738ms)
✔ owned blocking queue positions remove reservation RMW (0.2063ms)
✔ typed capacity allocation (0.0916ms)
✔ high-lane apply and undo derives masks without lookup tables (0.0949ms)
✔ runtime-configured 4x4 transition (0.0837ms)
✔ bit-31 transition survives typed-store coercion (0.0713ms)
✔ one-lane full-column transition (0.0689ms)
✔ nonblocking queue try paths (0.125ms)
✔ performance targets distinguish SMT siblings, efficiency classes and processor groups (2.3456ms)
✔ malformed topology never silently supplies a placement (0.3275ms)
✔ prepared behavior worker reads every publication including extended unsigned words (4.4841ms)
✔ real search worker observes strategist stop published after search has begun (103.0426ms)
✔ Lazy SMP host selects optional per-node worker and returns interruption without WDL (59.9823ms)
✔ retiring one optional worker leaves the other worker able to solve (52.8869ms)
✔ mid-search cancellation preserves exact-cache semantics and a cleared flag permits a new solve (34.5213ms)
✔ optional search consumes stop at its first completed node and never returns WDL (1.4623ms)
✔ zero-flags optional search preserves exact value, move and visited-node count (14.348ms)
✔ standard 7x6 optional search preserves all baseline metrics and observes every completed q (10.0573ms)
✔ in-flight extended publication defers then applies STOP at the next coherent node boundary (1.9148ms)
✔ flag-free Worker stays minimal; behavior variant is explicitly selected (2.2452ms)
✔ one-word read never reads a version or extension and never writes shared memory (0.2757ms)
✔ extension chain supports sparse four-word flags, truncation and all 124 payload bits (0.2045ms)
✔ overlapping extension publication defers without retry or modifying prior private snapshot (0.1815ms)
✔ a completed publication during extension reading cannot mix two flag sets (0.6922ms)
✔ publication before the version bracket rereads primary for every new chain length (0.4837ms)
✔ one-word checkpoint performs exactly one shared read (0.1983ms)
✔ cold writer rejects invalid flags/index/storage and version exhaustion before mutation (0.4634ms)
✔ real reader worker observes complete extended generations while strategist publishes (85.4196ms)
✔ Worker is the minimal canonical JSMinSys worker base (1.6763ms)
✔ worker take establishes ownership and lazily skips resolved/retired rows (1.5573ms)
✔ worker take rejects stale generation/ownership before touching the list (0.2088ms)
✔ resolved publication orders value before marker and validates owned work separately (0.2337ms)
✔ dependency publication carries fixed rows and retained handoff claims first runnable child (0.2756ms)
✔ wake observe/signal/park and stop/done primitives compose without hidden policy (0.225ms)
ℹ tests 182
ℹ suites 0
ℹ pass 182
ℹ fail 0
ℹ cancelled 0
ℹ skipped 0
ℹ todo 0
ℹ duration_ms 1804.2605
